// Jest Snapshot v1, https://goo.gl/fbAQLP

exports[`FormErrorsField component should render a FormErrorsField data 1`] = `
<ul
  className="FormErrors ls-n"
>
  <li>
    <mark>
      <Icon
        i="error"
        s="m"
      />

      Object {
        "message": "Hello",
      }
    </mark>
  </li>
</ul>
`;

exports[`FormErrorsField component should render a FormErrorsField null 1`] = `null`;
