// Jest Snapshot v1, https://goo.gl/fbAQLP

exports[`DashboardPage should render the dashboard page 1`] = `
<Layout hash={hash}
  description="-"
  page="DashboardPage"
  title="Dashboard"
>
  <section
    className="m-yc"
  >
    <p>
      <em>
        Hi
        , welcome back!

        <img
          alt="astrolabe"
          height="24"
          src="/astrolabe.svg"
        />
      </em>
    </p>
    <h1>
      What do you want to learn?
      <Icon
        i="dashboard"
        s="xxl"
      />
    </h1>
  </section>
  <section
    className="ta-c"
  >
    <h2>
      Let's get you some subjects!
      <Icon
        i="search"
        s="xl"
      />
    </h2>
    <form
      action="/search-subjects"
    >
      <p>
        <input
          autoFocus={true}
          name="q"
          placeholder="example: Music"
          size="40"
          type="search"
        />
      </p>
      <p>
        <button
          type="submit"
        >
          <Icon
            i="search"
            s="m"
          />
           Search
        </button>
      </p>
    </form>
  </section>
  <CardSubjectInfo />
  <Footer
    role="sg_anonymous"
  />
</Layout>
`;
