// Jest Snapshot v1, https://goo.gl/fbAQLP

exports[`LearnVideoPage should render LearnVideoPage 1`] = `
<Layout
  description="-"
  page="LearnVideoPage"
  title="Learn"
>
  <section>
    <iframe
      allowFullScreen="true"
      height="400"
      src="https://example.com"
      width="600"
    />
  </section>
  <section>
    <form
      action="/next"
    >
      <button
        type="submit"
      >
        <Icon
          i="card"
          s="m"
        />
         Next Card
      </button>
    </form>
  </section>
</Layout>
`;
