// Jest Snapshot v1, https://goo.gl/fbAQLP

exports[`LearnChoicePage should render LearnChoicePage 1`] = `
<Layout hash={hash}
  description="-"
  page="LearnChoicePage"
  title="Learn"
>
  <form
    action=""
    method="POST"
  >
    <section>
      <div>
        <ReactMarkdown
          astPlugins={Array []}
          escapeHtml={true}
          plugins={Array []}
          rawSourcePos={false}
          renderers={Object {}}
          skipHtml={false}
          sourcePos={false}
          transformLinkUri={[Function]}
        />
      </div>
      <ul
        className="ls-n"
      >
        <input
          name="seed"
          type="hidden"
          value="_"
        />
      </ul>
    </section>
    <section>
      <button
        type="submit"
      >
        <Icon
          i="check"
          s="m"
        />
         Check Answer
      </button>
    </section>
  </form>
</Layout>
`;
