// Jest Snapshot v1, https://goo.gl/fbAQLP

exports[`LearnPagePage should render LearnPagePage 1`] = `
<Layout hash={hash}
  description="-"
  page="LearnPagePage"
  title="Learn"
>
  <section>
    <h1 />
    <ReactMarkdown
      astPlugins={Array []}
      escapeHtml={true}
      plugins={Array []}
      rawSourcePos={false}
      renderers={Object {}}
      skipHtml={false}
      sourcePos={false}
      transformLinkUri={[Function]}
    />
  </section>
  <section>
    <form
      action="/next"
    >
      <button
        type="submit"
      >
        <Icon
          i="card"
          s="m"
        />
         Next Card
      </button>
    </form>
  </section>
</Layout>
`;
