// Jest Snapshot v1, https://goo.gl/fbAQLP

exports[`NotFoundPage should render the not found page 1`] = `
<div
  className="NotFoundPage"
>
  <h1>
    I couldn't find that page 
    <Icon
      i="error"
      s="xxl"
    />
  </h1>
  <p>
    <Icon
      i="error"
      s="m"
    />
     404 Not Found 
    <Icon
      i="error"
      s="m"
    />
     
  </p>
  <p>
    <Link
      replace={false}
      to="/"
    >
      Go back 
      <Icon
        i="home"
        s="m"
      />
       home
    </Link>
  </p>
</div>
`;
