// Jest Snapshot v1, https://goo.gl/fbAQLP

exports[`SignUpPage should render the sign up page 1`] = `
<Layout hash={hash}
  description="Get access to the best learning content with your Sagefy account. Continue where you left off on your learning journey."
  page="SignUpPage"
  title="Join Sagefy"
>
  <FormErrorsTop
    formErrors={Object {}}
  />
  <FormErrorsField
    field="all"
    formErrors={Object {}}
  />
  <section>
    <h1>
      Join Sagefy
      <Icon
        i="signUp"
        s="xxl"
      />
    </h1>
    <p>
      Already have an account?

      <Link
        replace={false}
        to="/log-in"
      >
        <Icon
          i="logIn"
          s="m"
        />
         Log In
      </Link>
      .
      <br />
      By signing up, you agree to our

      <Link
        replace={false}
        to="/terms"
      >
        <Icon
          i="terms"
          s="m"
        />
         Terms of Service
      </Link>
      .
    </p>
    <form
      action=""
      method="POST"
    >
      <p>
        <label
          htmlFor="name"
        >
          Name
        </label>
        <input
          autoFocus={true}
          id="name"
          name="name"
          placeholder="example: Unicorn"
          required={true}
          size="40"
          type="text"
        />
      </p>
      <FormErrorsField
        field="name"
        formErrors={Object {}}
      />
      <p>
        <label
          htmlFor="email"
        >
          Email
        </label>
        <input
          id="email"
          name="email"
          placeholder="example: unicorn@example.com"
          required={true}
          size="40"
          type="email"
        />
        <br />
        <small>
          We need your email to send notices and to reset your password.
        </small>
      </p>
      <FormErrorsField
        field="email"
        formErrors={Object {}}
      />
      <p>
        <label
          htmlFor="password"
        >
          Password
        </label>
        <input
          id="password"
          name="password"
          pattern=".{8,}"
          required={true}
          size="40"
          type="password"
        />
      </p>
      <FormErrorsField
        field="password"
        formErrors={Object {}}
      />
      <p>
        <button
          type="submit"
        >
          <Icon
            i="signUp"
            s="m"
          />
           Sign Up
        </button>
      </p>
    </form>
  </section>
</Layout>
`;
