// Jest Snapshot v1, https://goo.gl/fbAQLP

exports[`#authMiddleware should allow if session user 1`] = `
[MockFunction] {
  "calls": Array [
    Array [],
  ],
  "results": Array [
    Object {
      "isThrow": false,
      "value": undefined,
    },
  ],
}
`;

exports[`#authMiddleware should fail if not session user 1`] = `[Error: GlqI6VAROUCGqZy3OuKJ1A]`;

exports[`#authMiddleware should fail if not session user 2`] = `[MockFunction]`;
