// Jest Snapshot v1, https://goo.gl/fbAQLP

exports[`DashboardPage should render the dashboard page 1`] = `
<Layout
  description="-"
  image={null}
  page="DashboardPage"
  title="Dashboard"
>
  <section
    className="my-c"
  >
    <p>
      <em>
        Hi 
        , welcome back! 
        <Icon
          i="sagefy"
          s="m"
        />
      </em>
    </p>
    <h1>
      What do you want to learn? 
      <Icon
        i="dashboard"
        s="h1"
      />
    </h1>
  </section>
  <section
    className="ta-c"
  >
    <h2>
      Let's get you some subjects! 
      <Icon
        i="search"
        s="h2"
      />
    </h2>
    <form
      action="/subjects/search"
    >
      <p>
        <input
          autoFocus={true}
          name="q"
          placeholder="example: Music"
          size="40"
          type="search"
        />
      </p>
      <p>
        <button
          type="submit"
        >
          <Icon
            i="search"
            s="m"
          />
           Search
        </button>
      </p>
    </form>
  </section>
  <CardSubjectInfo />
  <Footer
    role="sg_anonymous"
  />
</Layout>
`;
