// Jest Snapshot v1, https://goo.gl/fbAQLP

exports[`Index view should render a page 1`] = `
<StaticRouter
  basename=""
  context={Object {}}
  location="/"
>
  <Switch>
    <Route
      path="/subjects/:subjectId"
      render={[Function]}
    />
    <Route
      path="/choose-step"
      render={[Function]}
    />
    <Route
      path="/learn-video/:cardId"
      render={[Function]}
    />
    <Route
      path="/learn-page/:cardId"
      render={[Function]}
    />
    <Route
      path="/learn-unscored-embed/:cardId"
      render={[Function]}
    />
    <Route
      path="/learn-choice/:cardId"
      render={[Function]}
    />
    <Route
      path="/log-in"
      render={[Function]}
    />
    <Route
      path="/password"
      render={[Function]}
    />
    <Route
      path="/email"
      render={[Function]}
    />
    <Route
      path="/settings"
      render={[Function]}
    />
    <Route
      path="/dashboard"
      render={[Function]}
    />
    <Route
      path="/sign-up"
      render={[Function]}
    />
    <Route
      path="/search-subjects"
      render={[Function]}
    />
    <Route
      path="/create-subject"
      render={[Function]}
    />
    <Route
      path="/create-card"
      render={[Function]}
    />
    <Route
      path="/create-choice-card"
      render={[Function]}
    />
    <Route
      path="/create-page-card"
      render={[Function]}
    />
    <Route
      path="/create-video-card"
      render={[Function]}
    />
    <Route
      path="/create-unscored-embed-card"
      render={[Function]}
    />
    <Route
      component={[Function]}
      path="/contact"
    />
    <Route
      component={[Function]}
      path="/terms"
    />
    <Route
      component={[Function]}
      path="/server-error"
    />
    <Route
      component={[Function]}
      exact={true}
      path="/"
    />
    <Route
      component={[Function]}
    />
  </Switch>
</StaticRouter>
`;
