// Jest Snapshot v1, https://goo.gl/fbAQLP

exports[`NotFoundPage should render the not found page 1`] = `
<Layout
  canonical={null}
  description="Sagefy did not find that page."
  image={null}
  page="NotFoundPage"
  title="Not Found"
>
  <section>
    <h1>
      I couldn't find that page 
      <Icon
        i="error"
        s="h1"
      />
    </h1>
    <p>
      <Icon
        i="error"
        s="m"
      />
       404 Not Found 
      <Icon
        i="error"
        s="m"
      />
       
    </p>
    <p>
      <a
        href="/"
      >
        Go back 
        <Icon
          i="home"
          s="m"
        />
         home
      </a>
    </p>
  </section>
</Layout>
`;
