// Jest Snapshot v1, https://goo.gl/fbAQLP

exports[`SettingsPage should render the SettingsPage 1`] = `
<Layout
  canonical={null}
  description="-"
  image={null}
  page="SettingsPage"
  title="Settings"
>
  <FormErrorsTop
    formErrors={Object {}}
  />
  <FormErrorsField
    field="all"
    formErrors={Object {}}
  />
  <section>
    <h1>
      Update your settings 
      <Icon
        i="settings"
        s="h1"
      />
    </h1>
    <p>
      <a
        href="/password"
      >
        <Icon
          i="password"
          s="m"
        />
         Change my password
      </a>
      .
      <br />
      or
       
      <a
        href="/email"
      >
        <Icon
          i="email"
          s="m"
        />
         Change my email
      </a>
      .
    </p>
    <form
      action=""
      method="POST"
    >
      <input
        name="id"
        type="hidden"
      />
      <p>
        <label
          htmlFor="name"
        >
          Name
        </label>
        <input
          id="name"
          name="name"
          placeholder="ex: Unicorn"
          required={true}
          size="40"
          type="text"
        />
      </p>
      <FormErrorsField
        field="name"
        formErrors={Object {}}
      />
      <p>
        <button
          type="submit"
        >
          <Icon
            i="settings"
            s="m"
          />
           Update settings
        </button>
      </p>
    </form>
  </section>
</Layout>
`;
